C51 COMPILER V9.01   MAIN                                                                  04/10/2019 13:49:31 PAGE 1   


C51 COMPILER V9.01, COMPILATION OF MODULE MAIN
OBJECT MODULE PLACED IN main.OBJ
COMPILER INVOKED BY: C:\Keil_v5\C51\BIN\C51.EXE main.c OPTIMIZE(8,SPEED) BROWSE DEBUG OBJECTEXTEND TABS(2)

line level    source

   1          /*************************************************************************************
   2          
   3          *
   4          实验现象：下载程序后，在温度传感器接口处，按照丝印方向插好温度传感器，数码管就会显示
   5                检测的温度值
   6                
   7          接线说明： (具体接线图可见开发攻略对应实验的“实验现象”章节)
   8               
   9            
  10          注意事项：                    
  11          
  12                                
  13          **************************************************************************************
  14          
  15          */
  16          
  17          #include "reg52.h"       //此文件中定义了单片机的一些特殊功能寄存器
  18          #include"temp.h"  
  19          
  20          typedef unsigned int u16;   //对数据类型进行声明定义
  21          typedef unsigned char u8;
  22          
  23          sbit LSA=P2^2;
  24          sbit LSB=P2^3;
  25          sbit LSC=P2^4;
  26          
  27          
  28          char num=0;
  29          u8 DisplayData[8];
  30          u8 code smgduan[10]={0x3f,0x06,0x5b,0x4f,0x66,0x6d,0x7d,0x07,0x7f,0x6f};
  31          
  32          /*******************************************************************************
  33          * 函 数 名         : delay
  34          * 函数功能       : 延时函数，i=1时，大约延时10us
  35          *******************************************************************************/
  36          void delay(u16 i)
  37          {
  38   1        while(i--); 
  39   1      }
  40          
  41          
  42          /*******************************************************************************
  43          * 函 数 名         : datapros()
  44          * 函数功能       : 温度读取处理转换函数
  45          * 输    入         : temp
  46          * 输    出         : 无
  47          *******************************************************************************/
  48          
  49          void datapros(int temp)    
  50          {
  51   1          float tp;  
  52   1        if(temp< 0)       //当温度值为负数
  53   1          {
  54   2          DisplayData[0] = 0x40;    //   -
  55   2          //因为读取的温度是实际温度的补码，所以减1，再取反求出原码
C51 COMPILER V9.01   MAIN                                                                  04/10/2019 13:49:31 PAGE 2   

  56   2          temp=temp-1;
  57   2          temp=~temp;
  58   2          tp=temp;
  59   2          temp=tp*0.0625*100+0.5; 
  60   2          //留两个小数点就*100，+0.5是四舍五入，因为C语言浮点数转换为整型的时候把小数点
  61   2          //后面的数自动去掉，不管是否大于0.5，而+0.5之后大于0.5的就是进1了，小于0.5的就
  62   2          //算加上0.5，还是在小数点后面。
  63   2       
  64   2          }
  65   1        else
  66   1          {     
  67   2          DisplayData[0] = 0x00;
  68   2          tp=temp;//因为数据处理有小数点所以将温度赋给一个浮点型变量
  69   2          //如果温度是正的那么，那么正数的原码就是补码它本身
  70   2          temp=tp*0.0625*100+0.5; 
  71   2          //留两个小数点就*100，+0.5是四舍五入，因为C语言浮点数转换为整型的时候把小数点
  72   2          //后面的数自动去掉，不管是否大于0.5，而+0.5之后大于0.5的就是进1了，小于0.5的就
  73   2          //算加上0.5，还是在小数点后面。
  74   2        }
  75   1        DisplayData[1] = smgduan[temp % 10000 / 1000];
  76   1        DisplayData[2] = smgduan[temp % 1000 / 100];
  77   1        DisplayData[3] = smgduan[temp %  100 / 10];
  78   1        DisplayData[4] = smgduan[temp %  10 / 1];
  79   1      
  80   1      }
  81          
  82          
  83          /*******************************************************************************
  84          * 函数名         :DigDisplay()
  85          * 函数功能     :数码管显示函数
  86          * 输入           : 无
  87          * 输出           : 无
  88          *******************************************************************************/
  89          void DigDisplay()
  90          {
  91   1        u8 i;
  92   1        for(i=0;i<6;i++)
  93   1        {
  94   2          switch(i)  //位选，选择点亮的数码管，
  95   2          {
  96   3            case(0):
  97   3              LSA=1;LSB=1;LSC=1; break;//显示第0位
  98   3            case(1):
  99   3              LSA=0;LSB=1;LSC=1; break;//显示第1位
 100   3            case(2):
 101   3              LSA=1;LSB=0;LSC=1; break;//显示第2位
 102   3            case(3):
 103   3              LSA=0;LSB=0;LSC=1; break;//显示第3位
 104   3            case(4):
 105   3              LSA=1;LSB=1;LSC=0; break;//显示第4位
 106   3            case(5):
 107   3              LSA=0;LSB=1;LSC=0; break;//显示第5位
 108   3          }
 109   2          P0=DisplayData[i];//发送数据
 110   2          delay(100); //间隔一段时间扫描  
 111   2          P0=0x00;//消隐
 112   2        }   
 113   1      }
 114          
 115          /*******************************************************************************
 116          * 函 数 名       : main
 117          * 函数功能     : 主函数
C51 COMPILER V9.01   MAIN                                                                  04/10/2019 13:49:31 PAGE 3   

 118          * 输    入       : 无
 119          * 输    出       : 无
 120          *******************************************************************************/
 121          void main()
 122          { 
 123   1        while(1)
 124   1        {
 125   2          datapros(Ds18b20ReadTemp());   //数据处理函数
 126   2          DigDisplay();//数码管显示函数   
 127   2        }   
 128   1      }


MODULE INFORMATION:   STATIC OVERLAYABLE
   CODE SIZE        =    321    ----
   CONSTANT SIZE    =     10    ----
   XDATA SIZE       =   ----    ----
   PDATA SIZE       =   ----    ----
   DATA SIZE        =      9       4
   IDATA SIZE       =   ----    ----
   BIT SIZE         =   ----    ----
END OF MODULE INFORMATION.


C51 COMPILATION COMPLETE.  0 WARNING(S),  0 ERROR(S)
