C51 COMPILER V9.01   MAIN                                                                  04/10/2019 14:01:40 PAGE 1   


C51 COMPILER V9.01, COMPILATION OF MODULE MAIN
OBJECT MODULE PLACED IN main.OBJ
COMPILER INVOKED BY: C:\Keil_v5\C51\BIN\C51.EXE main.c OPTIMIZE(8,SPEED) BROWSE DEBUG OBJECTEXTEND TABS(2)

line level    source

   1          /*************************************************************************************
   2          
   3          *
   4          实验现象：下载程序后数码管前4位显示电位器检测的AD值，范围是0-4095，一般达不到最大，这个受
   5                供电电压的影响
   6                
   7          接线说明： (具体接线图可见开发攻略对应实验的“实验现象”章节)
   8                 1，单片机-->AD/DAC模块
   9                    P34-->DI
  10                  P35-->CS
  11                  P36-->CL
  12                  P37-->DO
  13                 2，单片机-->动态数码管模块
  14                    J22-->J6
  15                  P22-->J9(A)
  16                  P23-->J9(B)
  17                  P24-->J9(C) 
  18            
  19          注意事项：                    
  20          
  21                                
  22          **************************************************************************************
  23          
  24          */
  25          
  26          #include "reg52.h"       //此文件中定义了单片机的一些特殊功能寄存器
  27          #include"XPT2046.h" 
  28          
  29          typedef unsigned int u16;   //对数据类型进行声明定义
  30          typedef unsigned char u8;
  31          
  32          sbit LSA=P2^2;
  33          sbit LSB=P2^3;
  34          sbit LSC=P2^4;
  35          
  36          u8 disp[4];
  37          u8 code smgduan[10]={0x3f,0x06,0x5b,0x4f,0x66,0x6d,0x7d,0x07,0x7f,0x6f};
  38          
  39          /*******************************************************************************
  40          * 函 数 名         : delay
  41          * 函数功能       : 延时函数，i=1时，大约延时10us
  42          *******************************************************************************/
  43          void delay(u16 i)
  44          {
  45   1        while(i--); 
  46   1      }
  47          
  48          /*******************************************************************************
  49          * 函数名         :datapros()
  50          * 函数功能     :数据处理函数
  51          * 输入           : 无
  52          * 输出           : 无
  53          *******************************************************************************/
  54          void datapros()
  55          {
C51 COMPILER V9.01   MAIN                                                                  04/10/2019 14:01:40 PAGE 2   

  56   1        u16 temp;
  57   1        static u8 i;
  58   1        if(i==50)
  59   1        {
  60   2          i=0;
  61   2          temp = Read_AD_Data(0x94);    //   AIN0 电位器
  62   2        }
  63   1        i++;
  64   1        disp[0]=smgduan[temp/1000];//千位
  65   1        disp[1]=smgduan[temp%1000/100];//百位
  66   1        disp[2]=smgduan[temp%1000%100/10];//个位
  67   1        disp[3]=smgduan[temp%1000%100%10];    
  68   1      }
  69          
  70          
  71          /*******************************************************************************
  72          * 函数名         :DigDisplay()
  73          * 函数功能     :数码管显示函数
  74          * 输入           : 无
  75          * 输出           : 无
  76          *******************************************************************************/
  77          void DigDisplay()
  78          {
  79   1        u8 i;
  80   1        for(i=0;i<4;i++)
  81   1        {
  82   2          switch(i)  //位选，选择点亮的数码管，
  83   2          {
  84   3            case(0):
  85   3              LSA=1;LSB=1;LSC=1; break;//显示第0位
  86   3            case(1):
  87   3              LSA=0;LSB=1;LSC=1; break;//显示第1位
  88   3            case(2):
  89   3              LSA=1;LSB=0;LSC=1; break;//显示第2位
  90   3            case(3):
  91   3              LSA=0;LSB=0;LSC=1; break;//显示第3位  
  92   3          }
  93   2          P0=disp[i];//发送数据
  94   2          delay(100); //间隔一段时间扫描  
  95   2          P0=0x00;//消隐
  96   2        }   
  97   1      }
  98          
  99          /*******************************************************************************
 100          * 函 数 名       : main
 101          * 函数功能     : 主函数
 102          * 输    入       : 无
 103          * 输    出       : 无
 104          *******************************************************************************/
 105          void main()
 106          { 
 107   1        while(1)
 108   1        {
 109   2          datapros();  //数据处理函数
 110   2          DigDisplay();//数码管显示函数   
 111   2        }   
 112   1      }
 113          


MODULE INFORMATION:   STATIC OVERLAYABLE
   CODE SIZE        =    229    ----
C51 COMPILER V9.01   MAIN                                                                  04/10/2019 14:01:40 PAGE 3   

   CONSTANT SIZE    =     10    ----
   XDATA SIZE       =   ----    ----
   PDATA SIZE       =   ----    ----
   DATA SIZE        =      5       2
   IDATA SIZE       =   ----    ----
   BIT SIZE         =   ----    ----
END OF MODULE INFORMATION.


C51 COMPILATION COMPLETE.  0 WARNING(S),  0 ERROR(S)
