C51 COMPILER V9.01   MAIN                                                                  04/10/2019 11:01:50 PAGE 1   


C51 COMPILER V9.01, COMPILATION OF MODULE MAIN
OBJECT MODULE PLACED IN main.OBJ
COMPILER INVOKED BY: C:\Keil_v5\C51\BIN\C51.EXE main.c OPTIMIZE(8,SPEED) BROWSE DEBUG OBJECTEXTEND TABS(2)

line level    source

   1          /*************************************************************************************
   2          
   3          *
   4          实验现象：下载程序后，LED灯从左往右点亮，类似流水灯效果
   5          
   6          接线说明： (具体接线图可见开发攻略对应实验的“实验现象”章节)
   7                 
   8          注意事项：                    
   9          
  10                                
  11          **************************************************************************************
  12          
  13          */
  14          
  15          #include "reg51.h"       //此文件中定义了单片机的一些特殊功能寄存器
  16          #include "intrins.h"
  17          
  18          typedef unsigned int u16;   //对数据类型进行声明定义
  19          typedef unsigned char u8;
  20          u8 ledNum;
  21          
  22          //--定义使用的IO口--//
  23          sbit SRCLK=P3^6;
  24          sbit RCLK=P3^5;
  25          sbit SER=P3^4;
  26          sbit LED=P0^7;
  27          
  28          
  29          /*******************************************************************************
  30          * 函 数 名         : delay
  31          * 函数功能       : 延时函数，i=1时，大约延时10us
  32          *******************************************************************************/
  33          void delay(u16 i)
  34          {
  35   1        while(i--); 
  36   1      }
  37          
  38          /*******************************************************************************
  39          * 函 数 名         : Hc595SendByte(u8 dat)
  40          * 函数功能       : 想74H595发送一个字节的数据
  41          * 输    入         : 无
  42          * 输    出         : 无
  43          *******************************************************************************/
  44          void Hc595SendByte(u8 dat)
  45          {
  46   1        u8 a;
  47   1      
  48   1        SRCLK = 1;
  49   1        RCLK = 1;
  50   1      
  51   1        for(a=0;a<8;a++)     //发送8位数
  52   1        {
  53   2          SER = dat >> 7;    //从最高位开始发送
  54   2          dat <<= 1;
  55   2      
C51 COMPILER V9.01   MAIN                                                                  04/10/2019 11:01:50 PAGE 2   

  56   2          SRCLK = 0;       //发送时序
  57   2          _nop_();
  58   2          _nop_();
  59   2          SRCLK = 1;  
  60   2        }
  61   1        RCLK = 0;
  62   1        _nop_();
  63   1        _nop_();
  64   1        RCLK = 1;
  65   1      }
  66          
  67          
  68          /*******************************************************************************
  69          * 函 数 名       : main
  70          * 函数功能     : 主函数
  71          * 输    入       : 无
  72          * 输    出       : 无
  73          *******************************************************************************/
  74          void main()
  75          { 
  76   1        LED=0;
  77   1        
  78   1      
  79   1        ledNum = ~0x01;   
  80   1      
  81   1        while(1)
  82   1        {
  83   2          Hc595SendByte(ledNum);
  84   2          ledNum = _crol_(ledNum, 1);
  85   2          delay(50000);
  86   2        }   
  87   1      }


MODULE INFORMATION:   STATIC OVERLAYABLE
   CODE SIZE        =     81    ----
   CONSTANT SIZE    =   ----    ----
   XDATA SIZE       =   ----    ----
   PDATA SIZE       =   ----    ----
   DATA SIZE        =      1    ----
   IDATA SIZE       =   ----    ----
   BIT SIZE         =   ----    ----
END OF MODULE INFORMATION.


C51 COMPILATION COMPLETE.  0 WARNING(S),  0 ERROR(S)
