C51 COMPILER V9.01   MAIN                                                                  04/10/2019 13:44:43 PAGE 1   


C51 COMPILER V9.01, COMPILATION OF MODULE MAIN
OBJECT MODULE PLACED IN main.OBJ
COMPILER INVOKED BY: C:\Keil_v5\C51\BIN\C51.EXE main.c OPTIMIZE(8,SPEED) BROWSE DEBUG OBJECTEXTEND TABS(2)

line level    source

   1          /**************************************************************************************
   2          实验现象：下载程序后数码管后4位显示0，按K1保存显示的数据，按K2读取上次保存的数据，
   3                按K3显示数据加一，按K4显示数据清零。最大能写入的数据是255
   4                
   5          接线说明： (具体接线图可见开发攻略对应实验的“实验现象”章节)
   6                
   7            
   8          注意事项：                                          
   9          ***************************************************************************************/
  10          
  11          #include "reg52.h"       //此文件中定义了单片机的一些特殊功能寄存器
  12          #include "i2c.h"  
  13          
  14          typedef unsigned int u16;   //对数据类型进行声明定义
  15          typedef unsigned char u8;
  16          
  17          sbit LSA=P2^2;
  18          sbit LSB=P2^3;
  19          sbit LSC=P2^4;
  20          
  21          sbit k1=P3^1;
  22          sbit k2=P3^0;
  23          sbit k3=P3^2;
  24          sbit k4=P3^3;  //定义按键端口
  25          
  26          char num=0;
  27          u8 disp[4];
  28          u8 code smgduan[10]={0x3f,0x06,0x5b,0x4f,0x66,0x6d,0x7d,0x07,0x7f,0x6f};
  29          
  30          /*******************************************************************************
  31          * 函 数 名         : delay
  32          * 函数功能       : 延时函数，i=1时，大约延时10us
  33          *******************************************************************************/
  34          void delay(u16 i)
  35          {
  36   1        while(i--); 
  37   1      }
  38          
  39          
  40          /*******************************************************************************
  41          * 函数名         :Keypros()
  42          * 函数功能     :按键处理函数
  43          * 输入           : 无
  44          * 输出           : 无
  45          *******************************************************************************/
  46          void Keypros()
  47          {
  48   1        if(k1==0)
  49   1        {
  50   2          delay(1000);  //消抖处理
  51   2          if(k1==0)
  52   2          {
  53   3            At24c02Write(1,num);   //在地址1内写入数据num
  54   3          }
  55   2          while(!k1);
C51 COMPILER V9.01   MAIN                                                                  04/10/2019 13:44:43 PAGE 2   

  56   2        }
  57   1        if(k2==0)
  58   1        {
  59   2          delay(1000);  //消抖处理
  60   2          if(k2==0)
  61   2          {
  62   3            num=At24c02Read(1);   //读取EEPROM地址1内的数据保存在num中
  63   3          }
  64   2          while(!k2);
  65   2        }
  66   1        if(k3==0)
  67   1        {
  68   2          delay(100);  //消抖处理
  69   2          if(k3==0)
  70   2          {
  71   3            num++;     //数据加1
  72   3            if(num>255)num=0;
  73   3          }
  74   2          while(!k3);
  75   2        }
  76   1        if(k4==0)
  77   1        {
  78   2          delay(1000);  //消抖处理
  79   2          if(k4==0)
  80   2          {
  81   3            num=0;     //数据清零
  82   3          }
  83   2          while(!k4);
  84   2        }   
  85   1      }
  86          
  87          /*******************************************************************************
  88          * 函数名         :datapros()
  89          * 函数功能     :数据处理函数
  90          * 输入           : 无
  91          * 输出           : 无
  92          *******************************************************************************/
  93          void datapros()
  94          {
  95   1        disp[0]=smgduan[num/1000];//千位
  96   1        disp[1]=smgduan[num%1000/100];//百位
  97   1        disp[2]=smgduan[num%1000%100/10];//个位
  98   1        disp[3]=smgduan[num%1000%100%10];   
  99   1      }
 100          
 101          
 102          /*******************************************************************************
 103          * 函数名         :DigDisplay()
 104          * 函数功能     :数码管显示函数
 105          * 输入           : 无
 106          * 输出           : 无
 107          *******************************************************************************/
 108          void DigDisplay()
 109          {
 110   1        u8 i;
 111   1        for(i=0;i<4;i++)
 112   1        {
 113   2          switch(i)  //位选，选择点亮的数码管，
 114   2          {
 115   3            case(0):
 116   3              LSA=1;LSB=1;LSC=0; break;//显示第3位
 117   3            case(1):
C51 COMPILER V9.01   MAIN                                                                  04/10/2019 13:44:43 PAGE 3   

 118   3              LSA=0;LSB=1;LSC=0; break;//显示第2位
 119   3            case(2):
 120   3              LSA=1;LSB=0;LSC=0; break;//显示第1位
 121   3            case(3):
 122   3              LSA=0;LSB=0;LSC=0; break;//显示第0位
 123   3          }
 124   2          P0=disp[i];//发送数据
 125   2          delay(100); //间隔一段时间扫描  
 126   2          P0=0x00;//消隐
 127   2        }   
 128   1      }
 129          
 130          /*******************************************************************************
 131          * 函 数 名       : main
 132          * 函数功能     : 主函数
 133          * 输    入       : 无
 134          * 输    出       : 无
 135          *******************************************************************************/
 136          void main()
 137          { 
 138   1        while(1)
 139   1        {
 140   2          Keypros();   //按键处理函数
 141   2          datapros();  //数据处理函数
 142   2          DigDisplay();//数码管显示函数   
 143   2        }   
 144   1      }


MODULE INFORMATION:   STATIC OVERLAYABLE
   CODE SIZE        =    316    ----
   CONSTANT SIZE    =     10    ----
   XDATA SIZE       =   ----    ----
   PDATA SIZE       =   ----    ----
   DATA SIZE        =      5    ----
   IDATA SIZE       =   ----    ----
   BIT SIZE         =   ----    ----
END OF MODULE INFORMATION.


C51 COMPILATION COMPLETE.  0 WARNING(S),  0 ERROR(S)
