C51 COMPILER V9.01   MAIN                                                                  04/10/2019 10:53:42 PAGE 1   


C51 COMPILER V9.01, COMPILATION OF MODULE MAIN
OBJECT MODULE PLACED IN main.OBJ
COMPILER INVOKED BY: C:\Keil_v5\C51\BIN\C51.EXE main.c OPTIMIZE(8,SPEED) BROWSE DEBUG OBJECTEXTEND TABS(2)

line level    source

   1          /**************************************************************************************
   2          实验现象：下载程序后"动态数码管模块"从左至右显示0-7
   3          接线说明： 单片机-->动态数码管模块(具体接线图可见开发攻略对应实验的“实验现象”章节)
   4                    
   5          注意事项：                                          
   6          ***************************************************************************************/
   7          
   8          #include "reg52.h"       //此文件中定义了单片机的一些特殊功能寄存器
   9          
  10          typedef unsigned int u16;   //对数据类型进行声明定义
  11          typedef unsigned char u8;
  12          
  13          sbit LSA=P2^2;
  14          sbit LSB=P2^3;
  15          sbit LSC=P2^4;
  16          
  17          u8 code smgduan[17]={0x3f,0x06,0x5b,0x4f,0x66,0x6d,0x7d,0x07,
  18                    0x7f,0x6f,0x77,0x7c,0x39,0x5e,0x79,0x71};//显示0~F的值
  19          
  20          /*******************************************************************************
  21          * 函 数 名         : delay
  22          * 函数功能       : 延时函数，i=1时，大约延时10us
  23          *******************************************************************************/
  24          void delay(u16 i)
  25          {
  26   1        while(i--); 
  27   1      }
  28          
  29          /*******************************************************************************
  30          * 函 数 名         : DigDisplay
  31          * 函数功能       : 数码管动态扫描函数，循环扫描8个数码管显示
  32          *******************************************************************************/
  33          void DigDisplay()
  34          {
  35   1        u8 i;
  36   1        for(i=0;i<8;i++)
  37   1        {
  38   2          switch(i)  //位选，选择点亮的数码管，
  39   2          {
  40   3             case(0):
  41   3              LSA=1;LSB=1;LSC=1; break;//显示第0位
  42   3            case(1):
  43   3              LSA=0;LSB=1;LSC=1; break;//显示第1位
  44   3            case(2):
  45   3              LSA=1;LSB=0;LSC=1; break;//显示第2位
  46   3            case(3):  
  47   3              LSA=0;LSB=0;LSC=1; break;//显示第3位
  48   3            case(4):
  49   3              LSA=1;LSB=1;LSC=0; break;//显示第4位
  50   3            case(5):
  51   3              LSA=0;LSB=1;LSC=0; break;//显示第5位
  52   3            case(6):
  53   3              LSA=1;LSB=0;LSC=0; break;//显示第6位
  54   3            case(7):
  55   3              LSA=0;LSB=0;LSC=0; break;//显示第7位  
C51 COMPILER V9.01   MAIN                                                                  04/10/2019 10:53:42 PAGE 2   

  56   3          }
  57   2          P0=smgduan[i];//发送段码
  58   2          delay(100); //间隔一段时间扫描  
  59   2          P0=0x00;//消隐
  60   2        }
  61   1      }
  62          
  63          /*******************************************************************************
  64          * 函 数 名       : main
  65          * 函数功能     : 主函数
  66          * 输    入       : 无
  67          * 输    出       : 无
  68          *******************************************************************************/
  69          void main()
  70          { 
  71   1        while(1)
  72   1        { 
  73   2          DigDisplay();  //数码管显示函数 
  74   2        }   
  75   1      }


MODULE INFORMATION:   STATIC OVERLAYABLE
   CODE SIZE        =    125    ----
   CONSTANT SIZE    =     17    ----
   XDATA SIZE       =   ----    ----
   PDATA SIZE       =   ----    ----
   DATA SIZE        =   ----    ----
   IDATA SIZE       =   ----    ----
   BIT SIZE         =   ----    ----
END OF MODULE INFORMATION.


C51 COMPILATION COMPLETE.  0 WARNING(S),  0 ERROR(S)
