C51 COMPILER V9.01   MAIN                                                                  04/10/2019 14:04:27 PAGE 1   


C51 COMPILER V9.01, COMPILATION OF MODULE MAIN
OBJECT MODULE PLACED IN main.OBJ
COMPILER INVOKED BY: C:\Keil_v5\C51\BIN\C51.EXE main.c OPTIMIZE(8,SPEED) BROWSE DEBUG OBJECTEXTEND TABS(2)

line level    source

   1          /**************************************************************************************
   2          实验现象：下载程序后数码管前4位显示外部输入AIN3通道检测的AD值，模拟信号电压范围在0-5V
   3                
   4          接线说明： (具体接线图可见开发攻略对应实验的“实验现象”章节)
   5                 1，单片机-->AD/DAC模块
   6                    P34-->DI
   7                  P35-->CS
   8                  P36-->CL
   9                  P37-->DO
  10                 2，单片机-->动态数码管模块
  11                    J22-->J6
  12                  P22-->J9(A)
  13                  P23-->J9(B)
  14                  P24-->J9(C) 
  15            
  16          注意事项：                                          
  17          ***************************************************************************************/
  18          
  19          #include "reg52.h"       //此文件中定义了单片机的一些特殊功能寄存器
  20          #include"XPT2046.h" 
  21          
  22          typedef unsigned int u16;   //对数据类型进行声明定义
  23          typedef unsigned char u8;
  24          
  25          sbit LSA=P2^2;
  26          sbit LSB=P2^3;
  27          sbit LSC=P2^4;
  28          
  29          u8 disp[4];
  30          u8 code smgduan[10]={0x3f,0x06,0x5b,0x4f,0x66,0x6d,0x7d,0x07,0x7f,0x6f};
  31          
  32          /*******************************************************************************
  33          * 函 数 名         : delay
  34          * 函数功能       : 延时函数，i=1时，大约延时10us
  35          *******************************************************************************/
  36          void delay(u16 i)
  37          {
  38   1        while(i--); 
  39   1      }
  40          
  41          /*******************************************************************************
  42          * 函数名         :datapros()
  43          * 函数功能     :数据处理函数
  44          * 输入           : 无
  45          * 输出           : 无
  46          *******************************************************************************/
  47          void datapros()
  48          {
  49   1        u16 temp;
  50   1        static u8 i;
  51   1        if(i==50)
  52   1        {
  53   2          i=0;
  54   2          temp = Read_AD_Data(0xE4);    //   AIN3 外部输入
  55   2        }
C51 COMPILER V9.01   MAIN                                                                  04/10/2019 14:04:27 PAGE 2   

  56   1        i++;
  57   1        disp[0]=smgduan[temp/1000];//千位
  58   1        disp[1]=smgduan[temp%1000/100];//百位
  59   1        disp[2]=smgduan[temp%1000%100/10];//个位
  60   1        disp[3]=smgduan[temp%1000%100%10];    
  61   1      }
  62          
  63          
  64          /*******************************************************************************
  65          * 函数名         :DigDisplay()
  66          * 函数功能     :数码管显示函数
  67          * 输入           : 无
  68          * 输出           : 无
  69          *******************************************************************************/
  70          void DigDisplay()
  71          {
  72   1        u8 i;
  73   1        for(i=0;i<4;i++)
  74   1        {
  75   2          switch(i)  //位选，选择点亮的数码管，
  76   2          {
  77   3            case(0):
  78   3              LSA=1;LSB=1;LSC=1; break;//显示第0位
  79   3            case(1):
  80   3              LSA=0;LSB=1;LSC=1; break;//显示第1位
  81   3            case(2):
  82   3              LSA=1;LSB=0;LSC=1; break;//显示第2位
  83   3            case(3):
  84   3              LSA=0;LSB=0;LSC=1; break;//显示第3位  
  85   3          }
  86   2          P0=disp[i];//发送数据
  87   2          delay(100); //间隔一段时间扫描  
  88   2          P0=0x00;//消隐
  89   2        }   
  90   1      }
  91          
  92          /*******************************************************************************
  93          * 函 数 名       : main
  94          * 函数功能     : 主函数
  95          * 输    入       : 无
  96          * 输    出       : 无
  97          *******************************************************************************/
  98          void main()
  99          { 
 100   1        while(1)
 101   1        {
 102   2          datapros();  //数据处理函数
 103   2          DigDisplay();//数码管显示函数   
 104   2        }   
 105   1      }
 106          


MODULE INFORMATION:   STATIC OVERLAYABLE
   CODE SIZE        =    229    ----
   CONSTANT SIZE    =     10    ----
   XDATA SIZE       =   ----    ----
   PDATA SIZE       =   ----    ----
   DATA SIZE        =      5       2
   IDATA SIZE       =   ----    ----
   BIT SIZE         =   ----    ----
END OF MODULE INFORMATION.

C51 COMPILER V9.01   MAIN                                                                  04/10/2019 14:04:27 PAGE 3   


C51 COMPILATION COMPLETE.  0 WARNING(S),  0 ERROR(S)
